// Jest Snapshot v1, https://goo.gl/fbAQLP

exports[`App.js unit tests renders without errors 1`] = `<App />`;
