// Jest Snapshot v1, https://goo.gl/fbAQLP

exports[`Connection.js unit tests Renders without errors 1`] = `
<div
  className="connection-box"
>
  <div
    className="connection-form container"
  >
    <div
      className="logo-container"
    >
      <img
        alt=""
        className="logo"
        src={
          Object {
            "process": [Function],
          }
        }
      />
    </div>
    <form>
      <label
        htmlFor="uri-input"
        id="label-instructions"
      >
        <p>
          Enter Your Kafka Server URI
        </p>
        <input
          id="uri-input"
          onChange={[MockFunction]}
          placeholder="localhost:9092"
          type="text"
        />
      </label>
      <button
        className="btn waves-effect waves-light"
        id="connect-button"
        onClick={[MockFunction]}
        type="submit"
      >
        Connect
      </button>
    </form>
  </div>
  <div
    className="loading-bars"
  />
  <footer
    className="footer"
  >
    <p
      className="FooterText"
    >
      Â© Kafka Lens Version 2.0 
    </p>
  </footer>
</div>
`;
