// Jest Snapshot v1, https://goo.gl/fbAQLP

exports[`Main.js unit tests should render without errors 1`] = `
<div
  className="main-div"
>
  <ConnectionPage
    connected={null}
    isFetching={false}
    updateURI={[Function]}
    validConnectionChecker={[Function]}
  />
</div>
`;
