// Jest Snapshot v1, https://goo.gl/fbAQLP

exports[`Message.js unit tests Should render without errors 1`] = `
<span>
  <h6
    className="offset-indicator"
  >
    5
  </h6>
  <p
    className="single-message"
  >
    Test
  </p>
</span>
`;
