// Jest Snapshot v1, https://goo.gl/fbAQLP

exports[`Parition.js unit tests Should render without errors 1`] = `
<div
  className="single-partition"
  id={1}
>
  Partition  1
</div>
`;
